C51 COMPILER V9.59.0.0   C8051F020_DEFS                                                    06/26/2019 08:52:41 PAGE 1   


C51 COMPILER V9.59.0.0, COMPILATION OF MODULE C8051F020_DEFS
OBJECT MODULE PLACED IN C8051F020_defs.OBJ
COMPILER INVOKED BY: C:\Keil_v5\C51\BIN\C51.exe C8051F020_defs.h DB OE BR INCDIR(C:\SiLabs\MCU\Inc)

line level    source

   1          //-----------------------------------------------------------------------------
   2          // C8051F020_defs.h
   3          //-----------------------------------------------------------------------------
   4          // Copyright 2007, Silicon Laboratories, Inc.
   5          // http://www.silabs.com
   6          //
   7          // Program Description:
   8          //
   9          // Register/bit definitions for the C8051F02x family.
  10          // **Important Note**: The compiler_defs.h header file should be included
  11          // before including this header file.
  12          //
  13          // Target:         C8051F020, 'F021, 'F022, 'F023
  14          // Tool chain:     Generic
  15          // Command Line:   None
  16          //
  17          // Release 1.4 - 20 AUG 2012 (TP)
  18          //    -Added #define for _XPAGE to provide support for SDCC memory paging
  19          //     (pdata)
  20          // Release 1.3 - 07 AUG 2007 (PKC)
  21          //    -Removed #include <compiler_defs.h>. The C source file should include it.
  22          // Release 1.2 - 09 JUL 2007 (PKC)
  23          //    -Reformatted header file to enable portable SFR definitions
  24          
  25          //-----------------------------------------------------------------------------
  26          // Header File Preprocessor Directive
  27          //-----------------------------------------------------------------------------
  28          
  29          #ifndef C8051F020_DEFS_H
  30          #define C8051F020_DEFS_H
  31          
  32          //-----------------------------------------------------------------------------
  33          // Byte Registers
  34          //-----------------------------------------------------------------------------
  35          
  36          SFR (P0, 0x80);                        // Port 0 Latch
*** ERROR C141 IN LINE 36 OF C8051F020_defs.h: syntax error near '0x80', expected 'bit'
  37          SFR (SP, 0x81);                        // Stack Pointer
*** ERROR C141 IN LINE 37 OF C8051F020_defs.h: syntax error near '0x81', expected 'bit'
  38          SFR (DPL, 0x82);                       // Data Pointer Low
*** ERROR C141 IN LINE 38 OF C8051F020_defs.h: syntax error near '0x82', expected 'bit'
  39          SFR (DPH, 0x83);                       // Data Pointer High
*** ERROR C141 IN LINE 39 OF C8051F020_defs.h: syntax error near '0x83', expected 'bit'
  40          SFR (P4, 0x84);                        // Port 4 Latch
*** ERROR C141 IN LINE 40 OF C8051F020_defs.h: syntax error near '0x84', expected 'bit'
  41          SFR (P5, 0x85);                        // Port 5 Latch
*** ERROR C141 IN LINE 41 OF C8051F020_defs.h: syntax error near '0x85', expected 'bit'
  42          SFR (P6, 0x86);                        // Port 6 Latch
*** ERROR C141 IN LINE 42 OF C8051F020_defs.h: syntax error near '0x86', expected 'bit'
  43          SFR (PCON, 0x87);                      // Power Control
*** ERROR C141 IN LINE 43 OF C8051F020_defs.h: syntax error near '0x87', expected 'bit'
  44          SFR (TCON, 0x88);                      // Timer/Counter Control
*** ERROR C141 IN LINE 44 OF C8051F020_defs.h: syntax error near '0x88', expected 'bit'
  45          SFR (TMOD, 0x89);                      // Timer/Counter Mode
*** ERROR C141 IN LINE 45 OF C8051F020_defs.h: syntax error near '0x89', expected 'bit'
C51 COMPILER V9.59.0.0   C8051F020_DEFS                                                    06/26/2019 08:52:41 PAGE 2   

  46          SFR (TL0, 0x8A);                       // Timer/Counter 0 Low
*** ERROR C141 IN LINE 46 OF C8051F020_defs.h: syntax error near '0x8A', expected 'bit'
  47          SFR (TL1, 0x8B);                       // Timer/Counter 1 Low
*** ERROR C141 IN LINE 47 OF C8051F020_defs.h: syntax error near '0x8B', expected 'bit'
  48          SFR (TH0, 0x8C);                       // Timer/Counter 0 High
*** ERROR C141 IN LINE 48 OF C8051F020_defs.h: syntax error near '0x8C', expected 'bit'
  49          SFR (TH1, 0x8D);                       // Timer/Counter 1 High
*** ERROR C141 IN LINE 49 OF C8051F020_defs.h: syntax error near '0x8D', expected 'bit'
  50          SFR (CKCON, 0x8E);                     // Clock Control
*** ERROR C141 IN LINE 50 OF C8051F020_defs.h: syntax error near '0x8E', expected 'bit'
  51          SFR (PSCTL, 0x8F);                     // Program Store R/W Control
*** ERROR C141 IN LINE 51 OF C8051F020_defs.h: syntax error near '0x8F', expected 'bit'
  52          SFR (P1, 0x90);                        // Port 1 Latch
*** ERROR C141 IN LINE 52 OF C8051F020_defs.h: syntax error near '0x90', expected 'bit'
  53          SFR (TMR3CN, 0x91);                    // Timer/Counter 3 Control
*** ERROR C141 IN LINE 53 OF C8051F020_defs.h: syntax error near '0x91', expected 'bit'
  54          SFR (TMR3RLL, 0x92);                   // Timer/Counter 3 Reload Low
*** ERROR C141 IN LINE 54 OF C8051F020_defs.h: syntax error near '0x92', expected 'bit'
  55          SFR (TMR3RLH, 0x93);                   // Timer/Counter 3 Reload High
*** ERROR C141 IN LINE 55 OF C8051F020_defs.h: syntax error near '0x93', expected 'bit'
  56          SFR (TMR3L, 0x94);                     // Timer/Counter 3 Low
*** ERROR C141 IN LINE 56 OF C8051F020_defs.h: syntax error near '0x94', expected 'bit'
  57          SFR (TMR3H, 0x95);                     // Timer/Counter 3 High
*** ERROR C141 IN LINE 57 OF C8051F020_defs.h: syntax error near '0x95', expected 'bit'
  58          SFR (P7, 0x96);                        // Port 7 Latch
*** ERROR C141 IN LINE 58 OF C8051F020_defs.h: syntax error near '0x96', expected 'bit'
  59          SFR (SCON0, 0x98);                     // Serial Port UART0 Control
*** ERROR C141 IN LINE 59 OF C8051F020_defs.h: syntax error near '0x98', expected 'bit'
  60          SFR (SBUF0, 0x99);                     // Serial Port UART0 Data Buffer
*** ERROR C141 IN LINE 60 OF C8051F020_defs.h: syntax error near '0x99', expected 'bit'
  61          SFR (SPI0CFG, 0x9A);                   // SPI0 Configuration
*** ERROR C141 IN LINE 61 OF C8051F020_defs.h: syntax error near '0x9A', expected 'bit'
  62          SFR (SPI0DAT, 0x9B);                   // SPI0 Data
*** ERROR C141 IN LINE 62 OF C8051F020_defs.h: syntax error near '0x9B', expected 'bit'
  63          SFR (ADC1, 0x9C);                      // ADC1 Data
*** ERROR C141 IN LINE 63 OF C8051F020_defs.h: syntax error near '0x9C', expected 'bit'
  64          SFR (SPI0CKR, 0x9D);                   // SPI0 Clock Rate Control
*** ERROR C141 IN LINE 64 OF C8051F020_defs.h: syntax error near '0x9D', expected 'bit'
  65          SFR (CPT0CN, 0x9E);                    // Comparator 0 Control
*** ERROR C141 IN LINE 65 OF C8051F020_defs.h: syntax error near '0x9E', expected 'bit'
  66          SFR (CPT1CN, 0x9F);                    // Comparator 1 Control
*** ERROR C141 IN LINE 66 OF C8051F020_defs.h: syntax error near '0x9F', expected 'bit'
  67          SFR (P2, 0xA0);                        // Port 2 Latch
*** ERROR C141 IN LINE 67 OF C8051F020_defs.h: syntax error near '0xA0', expected 'bit'
  68          SFR (EMI0TC, 0xA1);                    // EMIF Timing Control
*** ERROR C141 IN LINE 68 OF C8051F020_defs.h: syntax error near '0xA1', expected 'bit'
  69          SFR (EMI0CF, 0xA3);                    // EMIF Configuration
*** ERROR C141 IN LINE 69 OF C8051F020_defs.h: syntax error near '0xA3', expected 'bit'
  70          SFR (P0MDOUT, 0xA4);                   // Port 0 Output Mode Configuration
*** ERROR C141 IN LINE 70 OF C8051F020_defs.h: syntax error near '0xA4', expected 'bit'
  71          SFR (P1MDOUT, 0xA5);                   // Port 1 Output Mode Configuration
*** ERROR C141 IN LINE 71 OF C8051F020_defs.h: syntax error near '0xA5', expected 'bit'
  72          SFR (P2MDOUT, 0xA6);                   // Port 2 Output Mode Configuration
*** ERROR C141 IN LINE 72 OF C8051F020_defs.h: syntax error near '0xA6', expected 'bit'
  73          SFR (P3MDOUT, 0xA7);                   // Port 3 Output Mode Configuration
*** ERROR C141 IN LINE 73 OF C8051F020_defs.h: syntax error near '0xA7', expected 'bit'
  74          SFR (IE, 0xA8);                        // Interrupt Enable
*** ERROR C141 IN LINE 74 OF C8051F020_defs.h: syntax error near '0xA8', expected 'bit'
  75          SFR (SADDR0, 0xA9);                    // Serial Port UART0 Slave Address
*** ERROR C141 IN LINE 75 OF C8051F020_defs.h: syntax error near '0xA9', expected 'bit'
  76          SFR (ADC1CN, 0xAA);                    // ADC1 Control
*** ERROR C141 IN LINE 76 OF C8051F020_defs.h: syntax error near '0xAA', expected 'bit'
C51 COMPILER V9.59.0.0   C8051F020_DEFS                                                    06/26/2019 08:52:41 PAGE 3   

  77          SFR (ADC1CF, 0xAB);                    // ADC1 Analog Mux Configuration
*** ERROR C141 IN LINE 77 OF C8051F020_defs.h: syntax error near '0xAB', expected 'bit'
  78          SFR (AMX1SL, 0xAC);                    // ADC1 Analog Mux Channel Select
*** ERROR C141 IN LINE 78 OF C8051F020_defs.h: syntax error near '0xAC', expected 'bit'
  79          SFR (P3IF, 0xAD);                      // Port 3 External Interrupt Flags
*** ERROR C141 IN LINE 79 OF C8051F020_defs.h: syntax error near '0xAD', expected 'bit'
  80          SFR (SADEN1, 0xAE);                    // Serial Port UART1 Slave Address Mask
*** ERROR C141 IN LINE 80 OF C8051F020_defs.h: syntax error near '0xAE', expected 'bit'
  81          SFR (EMI0CN, 0xAF);                    // EMIF Control
*** ERROR C141 IN LINE 81 OF C8051F020_defs.h: syntax error near '0xAF', expected 'bit'
  82          SFR (P3, 0xB0);                        // Port 3 Latch
*** ERROR C141 IN LINE 82 OF C8051F020_defs.h: syntax error near '0xB0', expected 'bit'
  83          SFR (OSCXCN, 0xB1);                    // External Oscillator Control
*** ERROR C141 IN LINE 83 OF C8051F020_defs.h: syntax error near '0xB1', expected 'bit'
  84          SFR (OSCICN, 0xB2);                    // Internal Oscillator Control
*** ERROR C141 IN LINE 84 OF C8051F020_defs.h: syntax error near '0xB2', expected 'bit'
  85          SFR (P74OUT, 0xB5);                    // Ports 4 - 7 Output Mode
*** ERROR C141 IN LINE 85 OF C8051F020_defs.h: syntax error near '0xB5', expected 'bit'
  86          SFR (FLSCL, 0xB6);                     // Flash Memory Timing Prescaler
*** ERROR C141 IN LINE 86 OF C8051F020_defs.h: syntax error near '0xB6', expected 'bit'
  87          SFR (FLACL, 0xB7);                     // Flash Acess Limit
*** ERROR C141 IN LINE 87 OF C8051F020_defs.h: syntax error near '0xB7', expected 'bit'
  88          SFR (IP, 0xB8);                        // Interrupt Priority
*** ERROR C141 IN LINE 88 OF C8051F020_defs.h: syntax error near '0xB8', expected 'bit'
  89          SFR (SADEN0, 0xB9);                    // Serial Port UART0 Slave Address Mask
*** ERROR C141 IN LINE 89 OF C8051F020_defs.h: syntax error near '0xB9', expected 'bit'
  90          SFR (AMX0CF, 0xBA);                    // ADC0 Mux Configuration
*** ERROR C141 IN LINE 90 OF C8051F020_defs.h: syntax error near '0xBA', expected 'bit'
  91          SFR (AMX0SL, 0xBB);                    // ADC0 Mux Channel Selection
*** ERROR C141 IN LINE 91 OF C8051F020_defs.h: syntax error near '0xBB', expected 'bit'
  92          SFR (ADC0CF, 0xBC);                    // ADC0 Configuration
*** ERROR C141 IN LINE 92 OF C8051F020_defs.h: syntax error near '0xBC', expected 'bit'
  93          SFR (P1MDIN, 0xBD);                    // Port 1 Input Mode
*** ERROR C141 IN LINE 93 OF C8051F020_defs.h: syntax error near '0xBD', expected 'bit'
  94          SFR (ADC0L, 0xBE);                     // ADC0 Data Low
*** ERROR C141 IN LINE 94 OF C8051F020_defs.h: syntax error near '0xBE', expected 'bit'
  95          SFR (ADC0H, 0xBF);                     // ADC0 Data High
*** ERROR C141 IN LINE 95 OF C8051F020_defs.h: syntax error near '0xBF', expected 'bit'
  96          SFR (SMB0CN, 0xC0);                    // SMBus0 Control
*** ERROR C141 IN LINE 96 OF C8051F020_defs.h: syntax error near '0xC0', expected 'bit'
  97          SFR (SMB0STA, 0xC1);                   // SMBus0 Status
*** ERROR C141 IN LINE 97 OF C8051F020_defs.h: syntax error near '0xC1', expected 'bit'
  98          SFR (SMB0DAT, 0xC2);                   // SMBus0 Data
*** ERROR C141 IN LINE 98 OF C8051F020_defs.h: syntax error near '0xC2', expected 'bit'
  99          SFR (SMB0ADR, 0xC3);                   // SMBus0 Slave Address
*** ERROR C141 IN LINE 99 OF C8051F020_defs.h: syntax error near '0xC3', expected 'bit'
 100          SFR (ADC0GTL, 0xC4);                   // ADC0 Greater-Than Register Low
*** ERROR C141 IN LINE 100 OF C8051F020_defs.h: syntax error near '0xC4', expected 'bit'
 101          SFR (ADC0GTH, 0xC5);                   // ADC0 Greater-Than Register High
*** ERROR C141 IN LINE 101 OF C8051F020_defs.h: syntax error near '0xC5', expected 'bit'
 102          SFR (ADC0LTL, 0xC6);                   // ADC0 Less-Than Register Low
*** ERROR C141 IN LINE 102 OF C8051F020_defs.h: syntax error near '0xC6', expected 'bit'
 103          SFR (ADC0LTH, 0xC7);                   // ADC0 Less-Than Register High
*** ERROR C141 IN LINE 103 OF C8051F020_defs.h: syntax error near '0xC7', expected 'bit'
 104          SFR (T2CON, 0xC8);                     // Timer/Counter 2 Control
*** ERROR C141 IN LINE 104 OF C8051F020_defs.h: syntax error near '0xC8', expected 'bit'
 105          SFR (T4CON, 0xC9);                     // Timer/Counter 4 Control
*** ERROR C141 IN LINE 105 OF C8051F020_defs.h: syntax error near '0xC9', expected 'bit'
 106          SFR (RCAP2L, 0xCA);                    // Timer/Counter 2 Capture Low
*** ERROR C141 IN LINE 106 OF C8051F020_defs.h: syntax error near '0xCA', expected 'bit'
 107          SFR (RCAP2H, 0xCB);                    // Timer/Counter 2 Capture High
*** ERROR C141 IN LINE 107 OF C8051F020_defs.h: syntax error near '0xCB', expected 'bit'
C51 COMPILER V9.59.0.0   C8051F020_DEFS                                                    06/26/2019 08:52:41 PAGE 4   

 108          SFR (TL2, 0xCC);                       // Timer/Counter 2 Low
*** ERROR C141 IN LINE 108 OF C8051F020_defs.h: syntax error near '0xCC', expected 'bit'
 109          SFR (TH2, 0xCD);                       // Timer/Counter 2 High
*** ERROR C141 IN LINE 109 OF C8051F020_defs.h: syntax error near '0xCD', expected 'bit'
 110          SFR (SMB0CR, 0xCF);                    // SMBus0 Clock Rate
*** ERROR C141 IN LINE 110 OF C8051F020_defs.h: syntax error near '0xCF', expected 'bit'
 111          SFR (PSW, 0xD0);                       // Program Status Word
*** ERROR C141 IN LINE 111 OF C8051F020_defs.h: syntax error near '0xD0', expected 'bit'
 112          SFR (REF0CN, 0xD1);                    // Voltage Reference 0 Control
*** ERROR C141 IN LINE 112 OF C8051F020_defs.h: syntax error near '0xD1', expected 'bit'
 113          SFR (DAC0L, 0xD2);                     // DAC0 Register Low
*** ERROR C141 IN LINE 113 OF C8051F020_defs.h: syntax error near '0xD2', expected 'bit'
 114          SFR (DAC0H, 0xD3);                     // DAC0 Register High
*** ERROR C141 IN LINE 114 OF C8051F020_defs.h: syntax error near '0xD3', expected 'bit'
 115          SFR (DAC0CN, 0xD4);                    // DAC0 Control
*** ERROR C141 IN LINE 115 OF C8051F020_defs.h: syntax error near '0xD4', expected 'bit'
 116          SFR (DAC1L, 0xD5);                     // DAC1 Register Low
*** ERROR C141 IN LINE 116 OF C8051F020_defs.h: syntax error near '0xD5', expected 'bit'
 117          SFR (DAC1H, 0xD6);                     // DAC1 Register High
*** ERROR C141 IN LINE 117 OF C8051F020_defs.h: syntax error near '0xD6', expected 'bit'
 118          SFR (DAC1CN, 0xD7);                    // DAC1 Control
*** ERROR C141 IN LINE 118 OF C8051F020_defs.h: syntax error near '0xD7', expected 'bit'
 119          SFR (PCA0CN, 0xD8);                    // PCA0 Control
*** ERROR C141 IN LINE 119 OF C8051F020_defs.h: syntax error near '0xD8', expected 'bit'
 120          SFR (PCA0MD, 0xD9);                    // PCA0 Mode
*** ERROR C141 IN LINE 120 OF C8051F020_defs.h: syntax error near '0xD9', expected 'bit'
 121          SFR (PCA0CPM0, 0xDA);                  // PCA0 Module 0 Mode Register
*** ERROR C141 IN LINE 121 OF C8051F020_defs.h: syntax error near '0xDA', expected 'bit'
 122          SFR (PCA0CPM1, 0xDB);                  // PCA0 Module 1 Mode Register
*** ERROR C141 IN LINE 122 OF C8051F020_defs.h: syntax error near '0xDB', expected 'bit'
 123          SFR (PCA0CPM2, 0xDC);                  // PCA0 Module 2 Mode Register
*** ERROR C141 IN LINE 123 OF C8051F020_defs.h: syntax error near '0xDC', expected 'bit'
 124          SFR (PCA0CPM3, 0xDD);                  // PCA0 Module 3 Mode Register
*** ERROR C141 IN LINE 124 OF C8051F020_defs.h: syntax error near '0xDD', expected 'bit'
 125          SFR (PCA0CPM4, 0xDE);                  // PCA0 Module 4 Mode Register
*** ERROR C141 IN LINE 125 OF C8051F020_defs.h: syntax error near '0xDE', expected 'bit'
 126          SFR (ACC, 0xE0);                       // Accumulator
*** ERROR C141 IN LINE 126 OF C8051F020_defs.h: syntax error near '0xE0', expected 'bit'
 127          SFR (XBR0, 0xE1);                      // Port I/O Crossbar Control 0
*** ERROR C141 IN LINE 127 OF C8051F020_defs.h: syntax error near '0xE1', expected 'bit'
 128          SFR (XBR1, 0xE2);                      // Port I/O Crossbar Control 1
*** ERROR C141 IN LINE 128 OF C8051F020_defs.h: syntax error near '0xE2', expected 'bit'
 129          SFR (XBR2, 0xE3);                      // Port I/O Crossbar Control 2
*** ERROR C141 IN LINE 129 OF C8051F020_defs.h: syntax error near '0xE3', expected 'bit'
 130          SFR (RCAP4L, 0xE4);                    // Timer 4 Capture Register Low
*** ERROR C141 IN LINE 130 OF C8051F020_defs.h: syntax error near '0xE4', expected 'bit'
 131          SFR (RCAP4H, 0xE5);                    // Timer 4 Capture Register High
*** ERROR C141 IN LINE 131 OF C8051F020_defs.h: syntax error near '0xE5', expected 'bit'
 132          SFR (EIE1, 0xE6);                      // External Interrupt Enable 1
*** ERROR C141 IN LINE 132 OF C8051F020_defs.h: syntax error near '0xE6', expected 'bit'
 133          SFR (EIE2, 0xE7);                      // External Interrupt Enable 2
*** ERROR C141 IN LINE 133 OF C8051F020_defs.h: syntax error near '0xE7', expected 'bit'
 134          SFR (ADC0CN, 0xE8);                    // ADC0 Control
*** ERROR C141 IN LINE 134 OF C8051F020_defs.h: syntax error near '0xE8', expected 'bit'
 135          SFR (PCA0L, 0xE9);                     // PCA0 Counter Low
*** ERROR C141 IN LINE 135 OF C8051F020_defs.h: syntax error near '0xE9', expected 'bit'
 136          SFR (PCA0CPL0, 0xEA);                  // PCA0 Capture 0 Low
*** ERROR C141 IN LINE 136 OF C8051F020_defs.h: syntax error near '0xEA', expected 'bit'
 137          SFR (PCA0CPL1, 0xEB);                  // PCA0 Capture 1 Low
*** ERROR C141 IN LINE 137 OF C8051F020_defs.h: syntax error near '0xEB', expected 'bit'
 138          SFR (PCA0CPL2, 0xEC);                  // PCA0 Capture 2 Low
*** ERROR C141 IN LINE 138 OF C8051F020_defs.h: syntax error near '0xEC', expected 'bit'
C51 COMPILER V9.59.0.0   C8051F020_DEFS                                                    06/26/2019 08:52:41 PAGE 5   

 139          SFR (PCA0CPL3, 0xED);                  // PCA0 Capture 3 Low
*** ERROR C141 IN LINE 139 OF C8051F020_defs.h: syntax error near '0xED', expected 'bit'
 140          SFR (PCA0CPL4, 0xEE);                  // PCA0 Capture 4 Low
*** ERROR C141 IN LINE 140 OF C8051F020_defs.h: syntax error near '0xEE', expected 'bit'
 141          SFR (RSTSRC, 0xEF);                    // Reset Source Configuration/Status
*** ERROR C141 IN LINE 141 OF C8051F020_defs.h: syntax error near '0xEF', expected 'bit'
 142          SFR (B, 0xF0);                         // B Register
*** ERROR C141 IN LINE 142 OF C8051F020_defs.h: syntax error near '0xF0', expected 'bit'
 143          SFR (SCON1, 0xF1);                     // Serial Port UART1 Control
*** ERROR C141 IN LINE 143 OF C8051F020_defs.h: syntax error near '0xF1', expected 'bit'
 144          SFR (SBUF1, 0xF2);                     // Serail Port UART1 Data
*** ERROR C141 IN LINE 144 OF C8051F020_defs.h: syntax error near '0xF2', expected 'bit'
 145          SFR (SADDR1, 0xF3);                    // Serail Port UART1 Slave Address
*** ERROR C141 IN LINE 145 OF C8051F020_defs.h: syntax error near '0xF3', expected 'bit'
 146          SFR (TL4, 0xF4);                       // Timer/Counter 4 Low
*** ERROR C141 IN LINE 146 OF C8051F020_defs.h: syntax error near '0xF4', expected 'bit'
 147          SFR (TH4, 0xF5);                       // Timer/Counter 4 High
*** ERROR C141 IN LINE 147 OF C8051F020_defs.h: syntax error near '0xF5', expected 'bit'
 148          SFR (EIP1, 0xF6);                      // External Interrupt Priority 1
*** ERROR C141 IN LINE 148 OF C8051F020_defs.h: syntax error near '0xF6', expected 'bit'
 149          SFR (EIP2, 0xF7);                      // External Interrupt Priority 2
*** ERROR C141 IN LINE 149 OF C8051F020_defs.h: syntax error near '0xF7', expected 'bit'
 150          SFR (SPI0CN, 0xF8);                    // SPI0 Control
*** ERROR C141 IN LINE 150 OF C8051F020_defs.h: syntax error near '0xF8', expected 'bit'
 151          SFR (PCA0H, 0xF9);                     // PCA0 Counter High
*** ERROR C141 IN LINE 151 OF C8051F020_defs.h: syntax error near '0xF9', expected 'bit'
 152          SFR (PCA0CPH0, 0xFA);                  // PCA0 Capture 0 High
*** ERROR C141 IN LINE 152 OF C8051F020_defs.h: syntax error near '0xFA', expected 'bit'
 153          SFR (PCA0CPH1, 0xFB);                  // PCA0 Capture 1 High
*** ERROR C141 IN LINE 153 OF C8051F020_defs.h: syntax error near '0xFB', expected 'bit'
 154          SFR (PCA0CPH2, 0xFC);                  // PCA0 Capture 2 High
*** ERROR C141 IN LINE 154 OF C8051F020_defs.h: syntax error near '0xFC', expected 'bit'
 155          SFR (PCA0CPH3, 0xFD);                  // PCA0 Capture 3 High
*** ERROR C141 IN LINE 155 OF C8051F020_defs.h: syntax error near '0xFD', expected 'bit'
 156          SFR (PCA0CPH4, 0xFE);                  // PCA0 Capture 4 High
*** ERROR C141 IN LINE 156 OF C8051F020_defs.h: syntax error near '0xFE', expected 'bit'
 157          SFR (WDTCN, 0xFF);                     // Watchdog Timer Control
*** ERROR C141 IN LINE 157 OF C8051F020_defs.h: syntax error near '0xFF', expected 'bit'
 158          
 159          //-----------------------------------------------------------------------------
 160          // 16-bit Register Definitions (might not be supported by all compilers)
 161          //-----------------------------------------------------------------------------
 162          
 163          SFR16 (DP, 0x82);                      // Data Pointer
*** ERROR C141 IN LINE 163 OF C8051F020_defs.h: syntax error near '0x82', expected 'bit'
 164          SFR16 (TMR3RL, 0x92);                  // Timer3 Reload Value
*** ERROR C141 IN LINE 164 OF C8051F020_defs.h: syntax error near '0x92', expected 'bit'
 165          SFR16 (TMR3, 0x94);                    // Timer3 Counter
*** ERROR C141 IN LINE 165 OF C8051F020_defs.h: syntax error near '0x94', expected 'bit'
 166          SFR16 (ADC0, 0xBE);                    // ADC0 Data
*** ERROR C141 IN LINE 166 OF C8051F020_defs.h: syntax error near '0xBE', expected 'bit'
 167          SFR16 (ADC0GT, 0xC4);                  // ADC0 Greater Than Window
*** ERROR C141 IN LINE 167 OF C8051F020_defs.h: syntax error near '0xC4', expected 'bit'
 168          SFR16 (ADC0LT, 0xC6);                  // ADC0 Less Than Window
*** ERROR C141 IN LINE 168 OF C8051F020_defs.h: syntax error near '0xC6', expected 'bit'
 169          SFR16 (RCAP2, 0xCA);                   // Timer2 Capture/Reload
*** ERROR C141 IN LINE 169 OF C8051F020_defs.h: syntax error near '0xCA', expected 'bit'
 170          SFR16 (T2, 0xCC);                      // Timer2 Counter
*** ERROR C141 IN LINE 170 OF C8051F020_defs.h: syntax error near '0xCC', expected 'bit'
 171          SFR16 (TMR2RL, 0xCA);                  // Timer2 Capture/Reload
*** ERROR C141 IN LINE 171 OF C8051F020_defs.h: syntax error near '0xCA', expected 'bit'
 172          SFR16 (TMR2, 0xCC);                    // Timer2 Counter
C51 COMPILER V9.59.0.0   C8051F020_DEFS                                                    06/26/2019 08:52:41 PAGE 6   

*** ERROR C141 IN LINE 172 OF C8051F020_defs.h: syntax error near '0xCC', expected 'bit'
 173          SFR16 (RCAP4, 0xE4);                   // Timer4 Capture/Reload
*** ERROR C141 IN LINE 173 OF C8051F020_defs.h: syntax error near '0xE4', expected 'bit'
 174          SFR16 (T4, 0xF4);                      // Timer4 Counter
*** ERROR C141 IN LINE 174 OF C8051F020_defs.h: syntax error near '0xF4', expected 'bit'
 175          SFR16 (TMR4RL, 0xE4);                  // Timer4 Capture/Reload
*** ERROR C141 IN LINE 175 OF C8051F020_defs.h: syntax error near '0xE4', expected 'bit'
 176          SFR16 (TMR4, 0xF4);                    // Timer4 Counter
*** ERROR C141 IN LINE 176 OF C8051F020_defs.h: syntax error near '0xF4', expected 'bit'
 177          SFR16 (DAC0, 0xD2);                    // DAC0 Data
*** ERROR C141 IN LINE 177 OF C8051F020_defs.h: syntax error near '0xD2', expected 'bit'
 178          SFR16 (DAC1, 0xD5);                    // DAC1 Data
*** ERROR C141 IN LINE 178 OF C8051F020_defs.h: syntax error near '0xD5', expected 'bit'
 179          
 180          //-----------------------------------------------------------------------------
 181          // Address Definitions for bit-addressable SFRs
 182          //-----------------------------------------------------------------------------
 183          
 184          #define SFR_P0       0x80
 185          #define SFR_TCON     0x88
 186          #define SFR_P1       0x90
 187          #define SFR_SCON0    0x98
 188          #define SFR_P2       0xA0
 189          #define SFR_IE       0xA8
 190          #define SFR_P3       0xB0
 191          #define SFR_IP       0xB8
 192          #define SFR_SMB0CN   0xC0
 193          #define SFR_T2CON    0xC8
 194          #define SFR_PSW      0xD0
 195          #define SFR_PCA0CN   0xD8
 196          #define SFR_ACC      0xE0
 197          #define SFR_ADC0CN   0xE8
 198          #define SFR_B        0xF0
 199          #define SFR_SPI0CN   0xF8
 200          
 201          //-----------------------------------------------------------------------------
 202          // Bit Definitions
 203          //-----------------------------------------------------------------------------
 204          
 205          // TCON 0x88
 206          SBIT (TF1, SFR_TCON, 7);               // Timer 1 Overflow Flag
*** ERROR C141 IN LINE 206 OF C8051F020_defs.h: syntax error near '0x88', expected 'bit'
 207          SBIT (TR1, SFR_TCON, 6);               // Timer 1 On/Off Control
*** ERROR C141 IN LINE 207 OF C8051F020_defs.h: syntax error near '0x88', expected 'bit'
 208          SBIT (TF0, SFR_TCON, 5);               // Timer 0 Overflow Flag
*** ERROR C141 IN LINE 208 OF C8051F020_defs.h: syntax error near '0x88', expected 'bit'
 209          SBIT (TR0, SFR_TCON, 4);               // Timer 0 On/Off Control
*** ERROR C141 IN LINE 209 OF C8051F020_defs.h: syntax error near '0x88', expected 'bit'
 210          SBIT (IE1, SFR_TCON, 3);               // Ext. Interrupt 1 Edge Flag
*** ERROR C141 IN LINE 210 OF C8051F020_defs.h: syntax error near '0x88', expected 'bit'
 211          SBIT (IT1, SFR_TCON, 2);               // Ext. Interrupt 1 Type
*** ERROR C141 IN LINE 211 OF C8051F020_defs.h: syntax error near '0x88', expected 'bit'
 212          SBIT (IE0, SFR_TCON, 1);               // Ext. Interrupt 0 Edge Flag
*** ERROR C141 IN LINE 212 OF C8051F020_defs.h: syntax error near '0x88', expected 'bit'
 213          SBIT (IT0, SFR_TCON, 0);               // Ext. Interrupt 0 Type
*** ERROR C141 IN LINE 213 OF C8051F020_defs.h: syntax error near '0x88', expected 'bit'
 214          
 215          // SCON0 0x98
 216          SBIT (SM00, SFR_SCON0, 7);             // Serial Mode Control Bit 0
*** ERROR C141 IN LINE 216 OF C8051F020_defs.h: syntax error near '0x98', expected 'bit'
 217          SBIT (SM10, SFR_SCON0, 6);             // Serial Mode Control Bit 1
*** ERROR C141 IN LINE 217 OF C8051F020_defs.h: syntax error near '0x98', expected 'bit'
C51 COMPILER V9.59.0.0   C8051F020_DEFS                                                    06/26/2019 08:52:41 PAGE 7   

 218          SBIT (SM20, SFR_SCON0, 5);             // Multiprocessor Communication Enable
*** ERROR C141 IN LINE 218 OF C8051F020_defs.h: syntax error near '0x98', expected 'bit'
 219          SBIT (REN0, SFR_SCON0, 4);             // Receive Enable
*** ERROR C141 IN LINE 219 OF C8051F020_defs.h: syntax error near '0x98', expected 'bit'
 220          SBIT (TB80, SFR_SCON0, 3);             // Transmit Bit 8
*** ERROR C141 IN LINE 220 OF C8051F020_defs.h: syntax error near '0x98', expected 'bit'
 221          SBIT (RB80, SFR_SCON0, 2);             // Receive Bit 8
*** ERROR C141 IN LINE 221 OF C8051F020_defs.h: syntax error near '0x98', expected 'bit'
 222          SBIT (TI0, SFR_SCON0, 1);              // Transmit Interrupt Flag
*** ERROR C141 IN LINE 222 OF C8051F020_defs.h: syntax error near '0x98', expected 'bit'
 223          SBIT (RI0, SFR_SCON0, 0);              // Receive Interrupt Flag
*** ERROR C141 IN LINE 223 OF C8051F020_defs.h: syntax error near '0x98', expected 'bit'
 224          
 225          // IE 0xA8
 226          SBIT (EA, SFR_IE, 7);                  // Global Interrupt Enable
*** ERROR C141 IN LINE 226 OF C8051F020_defs.h: syntax error near '0xA8', expected 'bit'
 227          SBIT (IEGF0, SFR_IE, 6);               // General Purpose Flag 0
*** ERROR C141 IN LINE 227 OF C8051F020_defs.h: syntax error near '0xA8', expected 'bit'
 228          SBIT (ET2, SFR_IE, 5);                 // Timer 2 Interrupt Enable
*** ERROR C141 IN LINE 228 OF C8051F020_defs.h: syntax error near '0xA8', expected 'bit'
 229          SBIT (ES0, SFR_IE, 4);                 // Uart0 Interrupt Enable
*** ERROR C141 IN LINE 229 OF C8051F020_defs.h: syntax error near '0xA8', expected 'bit'
 230          SBIT (ET1, SFR_IE, 3);                 // Timer 1 Interrupt Enable
*** ERROR C141 IN LINE 230 OF C8051F020_defs.h: syntax error near '0xA8', expected 'bit'
 231          SBIT (EX1, SFR_IE, 2);                 // External Interrupt 1 Enable
*** ERROR C141 IN LINE 231 OF C8051F020_defs.h: syntax error near '0xA8', expected 'bit'
 232          SBIT (ET0, SFR_IE, 1);                 // Timer 0 Interrupt Enable
*** ERROR C141 IN LINE 232 OF C8051F020_defs.h: syntax error near '0xA8', expected 'bit'
 233          SBIT (EX0, SFR_IE, 0);                 // External Interrupt 0 Enable
*** ERROR C141 IN LINE 233 OF C8051F020_defs.h: syntax error near '0xA8', expected 'bit'
 234          
 235          // IP 0xB8
 236                                                 // Bit7 UNUSED
 237                                                 // Bit6 UNUSED
 238          SBIT (PT2, SFR_IP, 5);                 // Timer 2 Priority
*** ERROR C141 IN LINE 238 OF C8051F020_defs.h: syntax error near '0xB8', expected 'bit'
 239          SBIT (PS, SFR_IP, 4);                  // Serial Port Priority
*** ERROR C141 IN LINE 239 OF C8051F020_defs.h: syntax error near '0xB8', expected 'bit'
 240          SBIT (PT1, SFR_IP, 3);                 // Timer 1 Priority
*** ERROR C141 IN LINE 240 OF C8051F020_defs.h: syntax error near '0xB8', expected 'bit'
 241          SBIT (PX1, SFR_IP, 2);                 // External Interrupt 1 Priority
*** ERROR C141 IN LINE 241 OF C8051F020_defs.h: syntax error near '0xB8', expected 'bit'
 242          SBIT (PT0, SFR_IP, 1);                 // Timer 0 Priority
*** ERROR C141 IN LINE 242 OF C8051F020_defs.h: syntax error near '0xB8', expected 'bit'
 243          SBIT (PX0, SFR_IP, 0);                 // External Interrupt 0 Priority
*** ERROR C141 IN LINE 243 OF C8051F020_defs.h: syntax error near '0xB8', expected 'bit'
 244          
 245          // SMB0CN 0xC0
 246          SBIT (BUSY, SFR_SMB0CN, 7);            // SMBus 0 Busy
*** ERROR C141 IN LINE 246 OF C8051F020_defs.h: syntax error near '0xC0', expected 'bit'
 247          SBIT (ENSMB, SFR_SMB0CN, 6);           // SMBus 0 Enable
*** ERROR C141 IN LINE 247 OF C8051F020_defs.h: syntax error near '0xC0', expected 'bit'
 248          SBIT (STA, SFR_SMB0CN, 5);             // SMBus 0 Start Flag
*** ERROR C141 IN LINE 248 OF C8051F020_defs.h: syntax error near '0xC0', expected 'bit'
 249          SBIT (STO, SFR_SMB0CN, 4);             // SMBus 0 Stop Flag
*** ERROR C141 IN LINE 249 OF C8051F020_defs.h: syntax error near '0xC0', expected 'bit'
 250          SBIT (SI, SFR_SMB0CN, 3);              // SMBus 0 Interrupt Pending Flag
*** ERROR C141 IN LINE 250 OF C8051F020_defs.h: syntax error near '0xC0', expected 'bit'
 251          SBIT (AA, SFR_SMB0CN, 2);              // SMBus 0 Assert/Acknowledge Flag
*** ERROR C141 IN LINE 251 OF C8051F020_defs.h: syntax error near '0xC0', expected 'bit'
 252          SBIT (SMBFTE, SFR_SMB0CN, 1);          // SMBus 0 Free Timer Enable
*** ERROR C141 IN LINE 252 OF C8051F020_defs.h: syntax error near '0xC0', expected 'bit'
C51 COMPILER V9.59.0.0   C8051F020_DEFS                                                    06/26/2019 08:52:41 PAGE 8   

 253          SBIT (SMBTOE, SFR_SMB0CN, 0);          // SMBus 0 Timeout Enable
*** ERROR C141 IN LINE 253 OF C8051F020_defs.h: syntax error near '0xC0', expected 'bit'
 254          
 255          // T2CON 0xC8
 256          SBIT (TF2, SFR_T2CON, 7);              // Timer 2 Overflow Flag
*** ERROR C141 IN LINE 256 OF C8051F020_defs.h: syntax error near '0xC8', expected 'bit'
 257          SBIT (EXF2, SFR_T2CON, 6);             // External Flag
*** ERROR C141 IN LINE 257 OF C8051F020_defs.h: syntax error near '0xC8', expected 'bit'
 258          SBIT (RCLK0, SFR_T2CON, 5);            // Uart0 Rx Clock Source
*** ERROR C141 IN LINE 258 OF C8051F020_defs.h: syntax error near '0xC8', expected 'bit'
 259          SBIT (TCLK0, SFR_T2CON, 4);            // Uart0 Tx Clock Source
*** ERROR C141 IN LINE 259 OF C8051F020_defs.h: syntax error near '0xC8', expected 'bit'
 260          SBIT (EXEN2, SFR_T2CON, 3);            // Timer 2 External Enable Flag
*** ERROR C141 IN LINE 260 OF C8051F020_defs.h: syntax error near '0xC8', expected 'bit'
 261          SBIT (TR2, SFR_T2CON, 2);              // Timer 2 On/Off Control
*** ERROR C141 IN LINE 261 OF C8051F020_defs.h: syntax error near '0xC8', expected 'bit'
 262          SBIT (CT2, SFR_T2CON, 1);              // Timer Or Counter Select
*** ERROR C141 IN LINE 262 OF C8051F020_defs.h: syntax error near '0xC8', expected 'bit'
 263          SBIT (CPRL2, SFR_T2CON, 0);            // Capture Or Reload Select
*** ERROR C141 IN LINE 263 OF C8051F020_defs.h: syntax error near '0xC8', expected 'bit'
 264          
 265          //  PSW 0xD0
 266          SBIT (CY, SFR_PSW, 7);                 // Carry Flag
*** ERROR C141 IN LINE 266 OF C8051F020_defs.h: syntax error near '0xD0', expected 'bit'
 267          SBIT (AC, SFR_PSW, 6);                 // Auxiliary Carry Flag
*** ERROR C141 IN LINE 267 OF C8051F020_defs.h: syntax error near '0xD0', expected 'bit'
 268          SBIT (F0, SFR_PSW, 5);                 // User Flag 0
*** ERROR C141 IN LINE 268 OF C8051F020_defs.h: syntax error near '0xD0', expected 'bit'
 269          SBIT (RS1, SFR_PSW, 4);                // Register Bank Select 1
*** ERROR C141 IN LINE 269 OF C8051F020_defs.h: syntax error near '0xD0', expected 'bit'
 270          SBIT (RS0, SFR_PSW, 3);                // Register Bank Select 0
*** ERROR C141 IN LINE 270 OF C8051F020_defs.h: syntax error near '0xD0', expected 'bit'
 271          SBIT (OV, SFR_PSW, 2);                 // Overflow Flag
*** ERROR C141 IN LINE 271 OF C8051F020_defs.h: syntax error near '0xD0', expected 'bit'
 272          SBIT (F1, SFR_PSW, 1);                 // User Flag 1
*** ERROR C141 IN LINE 272 OF C8051F020_defs.h: syntax error near '0xD0', expected 'bit'
 273          SBIT (P, SFR_PSW, 0);                  // Accumulator Parity Flag
*** ERROR C141 IN LINE 273 OF C8051F020_defs.h: syntax error near '0xD0', expected 'bit'
 274          
 275          // PCA0CN 0xD8
 276          SBIT (CF, SFR_PCA0CN, 7);              // PCA 0 Counter Overflow Flag
*** ERROR C141 IN LINE 276 OF C8051F020_defs.h: syntax error near '0xD8', expected 'bit'
 277          SBIT (CR, SFR_PCA0CN, 6);              // PCA 0 Counter Run Control Bit
*** ERROR C141 IN LINE 277 OF C8051F020_defs.h: syntax error near '0xD8', expected 'bit'
 278                                                 // Bit5 UNUSED
 279          SBIT (CCF4, SFR_PCA0CN, 4);            // PCA 0 Module 4 Interrupt Flag
*** ERROR C141 IN LINE 279 OF C8051F020_defs.h: syntax error near '0xD8', expected 'bit'
 280          SBIT (CCF3, SFR_PCA0CN, 3);            // PCA 0 Module 3 Interrupt Flag
*** ERROR C141 IN LINE 280 OF C8051F020_defs.h: syntax error near '0xD8', expected 'bit'
 281          SBIT (CCF2, SFR_PCA0CN, 2);            // PCA 0 Module 2 Interrupt Flag
*** ERROR C141 IN LINE 281 OF C8051F020_defs.h: syntax error near '0xD8', expected 'bit'
 282          SBIT (CCF1, SFR_PCA0CN, 1);            // PCA 0 Module 1 Interrupt Flag
*** ERROR C141 IN LINE 282 OF C8051F020_defs.h: syntax error near '0xD8', expected 'bit'
 283          SBIT (CCF0, SFR_PCA0CN, 0);            // PCA 0 Module 0 Interrupt Flag
*** ERROR C141 IN LINE 283 OF C8051F020_defs.h: syntax error near '0xD8', expected 'bit'
 284          
 285          // ADC0CN 0xE8
 286          SBIT (AD0EN, SFR_ADC0CN, 7);           // ADC 0 Enable
*** ERROR C141 IN LINE 286 OF C8051F020_defs.h: syntax error near '0xE8', expected 'bit'
 287          SBIT (AD0TM, SFR_ADC0CN, 6);           // ADC 0 Track Mode
*** ERROR C141 IN LINE 287 OF C8051F020_defs.h: syntax error near '0xE8', expected 'bit'
 288          SBIT (AD0INT, SFR_ADC0CN, 5);          // ADC 0 Converision Complete Interrupt Flag
C51 COMPILER V9.59.0.0   C8051F020_DEFS                                                    06/26/2019 08:52:41 PAGE 9   

*** ERROR C141 IN LINE 288 OF C8051F020_defs.h: syntax error near '0xE8', expected 'bit'
 289          SBIT (AD0BUSY, SFR_ADC0CN, 4);         // ADC 0 Busy Flag
*** ERROR C141 IN LINE 289 OF C8051F020_defs.h: syntax error near '0xE8', expected 'bit'
 290          SBIT (AD0CM1, SFR_ADC0CN, 3);          // ADC 0 Start Of Conversion Mode Bit 1
*** ERROR C141 IN LINE 290 OF C8051F020_defs.h: syntax error near '0xE8', expected 'bit'
 291          SBIT (AD0CM0, SFR_ADC0CN, 2);          // ADC 0 Start Of Conversion Mode Bit 0
*** ERROR C141 IN LINE 291 OF C8051F020_defs.h: syntax error near '0xE8', expected 'bit'
 292          SBIT (AD0WINT, SFR_ADC0CN, 1);         // ADC 0 Window Compare Interrupt Flag
*** ERROR C141 IN LINE 292 OF C8051F020_defs.h: syntax error near '0xE8', expected 'bit'
 293          SBIT (AD0LJST, SFR_ADC0CN, 0);         // ADC 0 Right Justify Data Bit
*** ERROR C141 IN LINE 293 OF C8051F020_defs.h: syntax error near '0xE8', expected 'bit'
 294          
 295          // SPI0CN 0xF8
 296          SBIT (SPIF, SFR_SPI0CN, 7);            // SPI 0 Interrupt Flag
*** ERROR C141 IN LINE 296 OF C8051F020_defs.h: syntax error near '0xF8', expected 'bit'
 297          SBIT (WCOL, SFR_SPI0CN, 6);            // SPI 0 Write Collision Flag
*** ERROR C141 IN LINE 297 OF C8051F020_defs.h: syntax error near '0xF8', expected 'bit'
 298          SBIT (MODF, SFR_SPI0CN, 5);            // SPI 0 Mode Fault Flag
*** ERROR C141 IN LINE 298 OF C8051F020_defs.h: syntax error near '0xF8', expected 'bit'
 299          SBIT (RXOVRN, SFR_SPI0CN, 4);          // SPI 0 Rx Overrun Flag
*** ERROR C141 IN LINE 299 OF C8051F020_defs.h: syntax error near '0xF8', expected 'bit'
 300          SBIT (TXBSY, SFR_SPI0CN, 3);           // SPI 0 Tx Busy Flag
*** ERROR C141 IN LINE 300 OF C8051F020_defs.h: syntax error near '0xF8', expected 'bit'
 301          SBIT (SLVSEL, SFR_SPI0CN, 2);          // SPI 0 Slave Select
*** ERROR C141 IN LINE 301 OF C8051F020_defs.h: syntax error near '0xF8', expected 'bit'
 302          SBIT (MSTEN, SFR_SPI0CN, 1);           // SPI 0 Master Enable
*** ERROR C141 IN LINE 302 OF C8051F020_defs.h: syntax error near '0xF8', expected 'bit'
 303          SBIT (SPIEN, SFR_SPI0CN, 0);           // SPI 0 SPI Enable
*** ERROR C141 IN LINE 303 OF C8051F020_defs.h: syntax error near '0xF8', expected 'bit'
 304          
 305          //-----------------------------------------------------------------------------
 306          // Interrupt Priorities
 307          //-----------------------------------------------------------------------------
 308          
 309          #define INTERRUPT_INT0           0     // External Interrupt 0
 310          #define INTERRUPT_TIMER0         1     // Timer0 Overflow
 311          #define INTERRUPT_INT1           2     // External Interrupt 1
 312          #define INTERRUPT_TIMER1         3     // Timer1 Overflow
 313          #define INTERRUPT_UART0          4     // Serial Port UART0
 314          #define INTERRUPT_TIMER2         5     // Timer2 Overflow
 315          #define INTERRUPT_SPI0           6     // SPI0 Interface
 316          #define INTERRUPT_SMBUS0         7     // SMBus0 Interface
 317          #define INTERRUPT_ADC0_WINDOW    8     // ADC0 Window Comparison
 318          #define INTERRUPT_PCA0           9     // PCA0 Peripheral
 319          #define INTERRUPT_COMPARATOR0F   10    // Comparator0 Falling Edge
 320          #define INTERRUPT_COMPARATOR0R   11    // Comparator0 Rising Edge
 321          #define INTERRUPT_COMPARATOR1F   12    // Comparator1 Falling Edge
 322          #define INTERRUPT_COMPARATOR1R   13    // Comparator1 Rising Edge
 323          #define INTERRUPT_TIMER3         14    // Timer3 Overflow
 324          #define INTERRUPT_ADC0_EOC       15    // ADC0 End Of Conversion
 325          #define INTERRUPT_TIMER4         16    // Timer4 Overflow
 326          #define INTERRUPT_ADC1_EOC       17    // ADC1 End Of Conversion
 327          #define INTERRUPT_INT6           18    // External Interrupt 6
 328          #define INTERRUPT_INT7           19    // External Interrupt 7
 329          #define INTERRUPT_UART1          20    // Serial Port UART1
 330          #define INTERRUPT_XTAL_READY     21    // External Crystal Oscillator Ready
 331          
 332          //-----------------------------------------------------------------------------
 333          // SDCC PDATA External Memory Paging Support
 334          //-----------------------------------------------------------------------------
 335          
 336          #if defined SDCC
C51 COMPILER V9.59.0.0   C8051F020_DEFS                                                    06/26/2019 08:52:41 PAGE 10  

              
              SFR(_XPAGE, 0xAF); // Point to the EMI0CN register
              
              #endif
 341          
 342          //-----------------------------------------------------------------------------
 343          // Header File PreProcessor Directive
 344          //-----------------------------------------------------------------------------
 345          
 346          #endif                                 // #define C8051F020_DEFS_H
 347          
 348          //-----------------------------------------------------------------------------
 349          // End Of File
 350          //-----------------------------------------------------------------------------

C51 COMPILATION COMPLETE.  0 WARNING(S),  215 ERROR(S)
